// Jest Snapshot v1, https://goo.gl/fbAQLP

exports[`Resolve Make make a new resolve 1`] = `
"import { Query, Resolver } from 'tn-graphql';
import { GraphQLString } from 'graphql';

@Resolver()
export class User {

    @Query(returns => GraphQLString)
    async index() {
        //
        return '';
    }
}"
`;
